[Fri Aug 01 11:58:00.705306 2025] [mpm_winnt:notice] [pid 15892:tid 348] AH00455: Apache/2.4.65 (Win64) configured -- resuming normal operations
[Fri Aug 01 11:58:00.705306 2025] [mpm_winnt:notice] [pid 15892:tid 348] AH00456: Apache Lounge VS17 Server built: Jul 24 2025 14:32:29
[Fri Aug 01 11:58:00.705306 2025] [core:notice] [pid 15892:tid 348] AH00094: Command line: 'httpd.exe -d F:/Apache24'
[Fri Aug 01 11:58:00.705306 2025] [mpm_winnt:notice] [pid 15892:tid 348] AH00418: Parent: Created child process 5496
Apache server interrupted...
025] [mpm_winnt:notice] [pid 5496:tid 352] AH00354: Child: Starting 64 worker threads.
[Fri Aug 01 12:27:21.844834 2025] [mpm_winnt:notice] [pid 15892:tid 348] AH00422: Parent: Received shutdown signal -- Shutting down the server.
Apache server interrupted...
Apache server interrupted...
Apache server interrupted...
Apache server interrupted...
Apache server interrupted...
Apache server interrupted...
[Fri Aug 01 12:27:23.853598 2025] [mpm_winnt:notice] [pid 5496:tid 352] AH00364: Child: All worker threads have exited.
[Fri Aug 01 12:27:23.871570 2025] [mpm_winnt:notice] [pid 15892:tid 348] AH00430: Parent: Child process 5496 exited successfully.
[Tue Aug 12 10:46:18.430851 2025] [mpm_winnt:notice] [pid 4840:tid 328] AH00455: Apache/2.4.65 (Win64) configured -- resuming normal operations
[Tue Aug 12 10:46:18.430851 2025] [mpm_winnt:notice] [pid 4840:tid 328] AH00456: Apache Lounge VS17 Server built: Jul 24 2025 14:32:29
[Tue Aug 12 10:46:18.430851 2025] [core:notice] [pid 4840:tid 328] AH00094: Command line: 'F:\\Apache24\\bin\\httpd.exe -d F:/Apache24'
[Tue Aug 12 10:46:18.438668 2025] [mpm_winnt:notice] [pid 4840:tid 328] AH00418: Parent: Created child process 6908
[Tue Aug 12 10:46:18.824547 2025] [mpm_winnt:notice] [pid 6908:tid 344] AH00354: Child: Starting 64 worker threads.
